

start_bag
id:92273
can only concatenate str (not "NoneType") to str
endbag



start_bag
id:28197
can only concatenate str (not "NoneType") to str
endbag



start_bag
id:48570
can only concatenate str (not "NoneType") to str
endbag



start_bag
id:88265
can only concatenate str (not "NoneType") to str
endbag



start_bag
id:26580
can only concatenate str (not "NoneType") to str
endbag



start_bag
id:92273
can only concatenate str (not "NoneType") to str
endbag



start_bag
id:28197
can only concatenate str (not "NoneType") to str
endbag



start_bag
id:48570
can only concatenate str (not "NoneType") to str
endbag



start_bag
id:88265
can only concatenate str (not "NoneType") to str
endbag



start_bag
id:26580
can only concatenate str (not "NoneType") to str
endbag



start_bag
id:92273
can only concatenate str (not "NoneType") to str
endbag



start_bag
id:28197
can only concatenate str (not "NoneType") to str
endbag



start_bag
id:48570
can only concatenate str (not "NoneType") to str
endbag



start_bag
id:88265
can only concatenate str (not "NoneType") to str
endbag



start_bag
id:26580
can only concatenate str (not "NoneType") to str
endbag

